// Jest Snapshot v1, https://goo.gl/fbAQLP

exports[`components/ContentContainer renders a content container 1`] = `
<View
  style={
    Array [
      Object {
        "flex": 1,
        "paddingHorizontal": 20,
        "paddingTop": 20,
      },
      undefined,
    ]
  }
>
  Hello World!
</View>
`;
