// Jest Snapshot v1, https://goo.gl/fbAQLP

exports[`components/MoreInfoDropdown renders a MoreInfoDropdown 1`] = `
<View
  style={
    Object {
      "backgroundColor": "#FFFFFF",
      "borderRadius": 4,
      "width": "100%",
    }
  }
>
  <View
    style={
      Object {
        "backgroundColor": "#FFFFFF",
      }
    }
  >
    <View
      style={
        Object {
          "borderRadius": 4,
          "overflow": "hidden",
        }
      }
    >
      <BVLinearGradient
        colors={
          Array [
            4292403950,
            4292927977,
          ]
        }
        endPoint={
          Object {
            "x": 1,
            "y": 1,
          }
        }
        locations={null}
        startPoint={
          Object {
            "x": 0,
            "y": 1,
          }
        }
      >
        <View
          accessible={true}
          collapsable={false}
          focusable={true}
          onBlur={[Function]}
          onClick={[Function]}
          onFocus={[Function]}
          onResponderGrant={[Function]}
          onResponderMove={[Function]}
          onResponderRelease={[Function]}
          onResponderTerminate={[Function]}
          onResponderTerminationRequest={[Function]}
          onStartShouldSetResponder={[Function]}
        >
          <View
            style={
              Object {
                "alignItems": "center",
                "flexDirection": "row",
                "padding": 16,
                "width": "100%",
              }
            }
          >
            <View
              style={
                Object {
                  "alignItems": "flex-start",
                  "height": 24,
                  "justifyContent": "center",
                  "marginRight": 8,
                  "width": 24,
                }
              }
            >
              <SvgMock />
            </View>
            <Text
              style={
                Array [
                  Object {
                    "flex": 1,
                  },
                  Object {
                    "color": "#080E53",
                    "fontSize": 16,
                    "fontWeight": "600",
                    "lineHeight": 21,
                  },
                ]
              }
            >
              TitleTest
            </Text>
            <View
              style={
                Object {
                  "alignItems": "flex-end",
                  "height": 24,
                  "justifyContent": "center",
                  "width": 24,
                }
              }
            >
              <RNSVGSvgView
                align="xMidYMid"
                bbHeight="10"
                bbWidth="15"
                fill="none"
                focusable={false}
                height={10}
                meetOrSlice={0}
                minX={0}
                minY={0}
                style={
                  Array [
                    Object {
                      "backgroundColor": "transparent",
                      "borderWidth": 0,
                    },
                    Object {
                      "flex": 0,
                      "height": 10,
                      "width": 15,
                    },
                  ]
                }
                vbHeight={8}
                vbWidth={14}
                width={15}
                xmlns="http://www.w3.org/2000/svg"
              >
                <RNSVGGroup
                  fill={null}
                  propList={
                    Array [
                      "fill",
                    ]
                  }
                >
                  <RNSVGPath
                    d="M7.00367 7.58231C7.28422 7.58231 7.51687 7.47967 7.73584 7.2607L12.8884 1.9918C13.0663 1.81389 13.1484 1.60176 13.1484 1.34858C13.1484 0.835375 12.7447 0.417969 12.2315 0.417969C11.9783 0.417969 11.7457 0.527452 11.5609 0.712206L7.01051 5.39263L2.44641 0.712206C2.26165 0.527452 2.03584 0.417968 1.77582 0.417968C1.26262 0.417968 0.852051 0.835375 0.852051 1.34858C0.852051 1.60176 0.941007 1.81389 1.11892 1.9918L6.27149 7.2607C6.49046 7.48651 6.72311 7.58231 7.00367 7.58231Z"
                    fill={
                      Object {
                        "payload": 4278718035,
                        "type": 0,
                      }
                    }
                    propList={
                      Array [
                        "fill",
                      ]
                    }
                  />
                </RNSVGGroup>
              </RNSVGSvgView>
            </View>
          </View>
        </View>
      </BVLinearGradient>
    </View>
  </View>
</View>
`;
