// Jest Snapshot v1, https://goo.gl/fbAQLP

exports[`components/Carousel renders a Carousel 1`] = `
<RNSVGSvgView
  align="xMidYMid"
  bbHeight="25"
  bbWidth="24"
  fill="none"
  focusable={false}
  height={25}
  meetOrSlice={0}
  minX={0}
  minY={0}
  style={
    [
      {
        "backgroundColor": "transparent",
        "borderWidth": 0,
      },
      {
        "flex": 0,
        "height": 25,
        "width": 24,
      },
    ]
  }
  vbHeight={25}
  vbWidth={24}
  width={24}
  xmlns="http://www.w3.org/2000/svg"
>
  <RNSVGGroup
    fill={null}
    propList={
      [
        "fill",
      ]
    }
  >
    <RNSVGPath
      d="M9.70687 6.5L8.29688 7.91L12.8769 12.5L8.29688 17.09L9.70687 18.5L15.7069 12.5L9.70687 6.5Z"
      fill={
        {
          "payload": 4289967027,
          "type": 0,
        }
      }
      propList={
        [
          "fill",
        ]
      }
    />
  </RNSVGGroup>
</RNSVGSvgView>
`;

exports[`icon/ArrowIcon renders a ArrowIcon 1`] = `
<RNSVGSvgView
  align="xMidYMid"
  bbHeight="25"
  bbWidth="24"
  fill="none"
  focusable={false}
  height={25}
  meetOrSlice={0}
  minX={0}
  minY={0}
  style={
    [
      {
        "backgroundColor": "transparent",
        "borderWidth": 0,
      },
      {
        "flex": 0,
        "height": 25,
        "width": 24,
      },
    ]
  }
  vbHeight={25}
  vbWidth={24}
  width={24}
  xmlns="http://www.w3.org/2000/svg"
>
  <RNSVGGroup
    fill={null}
    propList={
      [
        "fill",
      ]
    }
  >
    <RNSVGPath
      d="M9.70687 6.5L8.29688 7.91L12.8769 12.5L8.29688 17.09L9.70687 18.5L15.7069 12.5L9.70687 6.5Z"
      fill={
        {
          "payload": 4289967027,
          "type": 0,
        }
      }
      propList={
        [
          "fill",
        ]
      }
    />
  </RNSVGGroup>
</RNSVGSvgView>
`;
