// Jest Snapshot v1, https://goo.gl/fbAQLP

exports[`icon/BankAccountIcon renders a BankAccountIcon 1`] = `
<RNSVGSvgView
  align="xMidYMid"
  bbHeight="19"
  bbWidth="18"
  fill="none"
  focusable={false}
  height={19}
  meetOrSlice={0}
  minX={0}
  minY={0}
  style={
    [
      {
        "backgroundColor": "transparent",
        "borderWidth": 0,
      },
      {
        "flex": 0,
        "height": 19,
        "width": 18,
      },
    ]
  }
  vbHeight={19}
  vbWidth={18}
  width={18}
  xmlns="http://www.w3.org/2000/svg"
>
  <RNSVGGroup
    fill={null}
    propList={
      [
        "fill",
      ]
    }
  >
    <RNSVGPath
      d="M3.375 8.375V13.625H5.625V8.375H3.375ZM7.875 8.375V13.625H10.125V8.375H7.875ZM1.875 17.375H16.125V15.125H1.875V17.375ZM12.375 8.375V13.625H14.625V8.375H12.375ZM9 1.625L1.875 5.375V6.875H16.125V5.375L9 1.625Z"
      fill={
        {
          "payload": 4278190080,
          "type": 0,
        }
      }
      propList={
        [
          "fill",
        ]
      }
    />
  </RNSVGGroup>
</RNSVGSvgView>
`;
