// Jest Snapshot v1, https://goo.gl/fbAQLP

exports[`icon/CardMemberShipIcon renders a CardMemberShipIcon 1`] = `
<RNSVGSvgView
  align="xMidYMid"
  bbHeight="24"
  bbWidth="24"
  fill="none"
  focusable={false}
  height={24}
  meetOrSlice={0}
  minX={0}
  minY={0}
  style={
    [
      {
        "backgroundColor": "transparent",
        "borderWidth": 0,
      },
      {
        "flex": 0,
        "height": 24,
        "width": 24,
      },
    ]
  }
  vbHeight={24}
  vbWidth={24}
  width={24}
  xmlns="http://www.w3.org/2000/svg"
>
  <RNSVGGroup
    fill={null}
    propList={
      [
        "fill",
      ]
    }
  >
    <RNSVGGroup
      fill={
        {
          "payload": 4278190080,
          "type": 0,
        }
      }
      name="card_membership"
    >
      <RNSVGPath
        d="M20 2H4C2.89 2 2 2.89 2 4V15C2 16.11 2.89 17 4 17H8V22L12 20L16 22V17H20C21.11 17 22 16.11 22 15V4C22 2.89 21.11 2 20 2ZM20 15H4V13H20V15ZM20 10H4V4H20V10Z"
        fill={
          {
            "payload": 4294915870,
            "type": 0,
          }
        }
        name="Vector"
        propList={
          [
            "fill",
          ]
        }
      />
    </RNSVGGroup>
  </RNSVGGroup>
</RNSVGSvgView>
`;
