// Jest Snapshot v1, https://goo.gl/fbAQLP

exports[`icon/CardIcon renders a CardIcon 1`] = `
<RNSVGSvgView
  align="xMidYMid"
  bbHeight="25"
  bbWidth="24"
  fill="none"
  focusable={false}
  height={25}
  meetOrSlice={0}
  minX={0}
  minY={0}
  style={
    [
      {
        "backgroundColor": "transparent",
        "borderWidth": 0,
      },
      {
        "flex": 0,
        "height": 25,
        "width": 24,
      },
    ]
  }
  vbHeight={25}
  vbWidth={24}
  width={24}
  xmlns="http://www.w3.org/2000/svg"
>
  <RNSVGGroup
    fill={null}
    propList={
      [
        "fill",
      ]
    }
  >
    <RNSVGPath
      d="M22 4.5H2V20.5H22V4.5ZM20 18.5H4V12.5H20V18.5ZM20 8.5H4V6.5H20V8.5Z"
      fill={
        {
          "payload": 4278718035,
          "type": 0,
        }
      }
      propList={
        [
          "fill",
        ]
      }
    />
  </RNSVGGroup>
</RNSVGSvgView>
`;
