// Jest Snapshot v1, https://goo.gl/fbAQLP

exports[`icon/ChatIcon renders a ChatIcon 1`] = `
<RNSVGSvgView
  align="xMidYMid"
  bbHeight="24"
  bbWidth="25"
  fill="none"
  focusable={false}
  height={24}
  meetOrSlice={0}
  minX={0}
  minY={0}
  style={
    [
      {
        "backgroundColor": "transparent",
        "borderWidth": 0,
      },
      {
        "flex": 0,
        "height": 24,
        "width": 25,
      },
    ]
  }
  vbHeight={24}
  vbWidth={25}
  width={25}
  xmlns="http://www.w3.org/2000/svg"
>
  <RNSVGGroup
    fill={null}
    propList={
      [
        "fill",
      ]
    }
  >
    <RNSVGPath
      d="M15.5 4V11H5.67L4.5 12.17V4H15.5ZM16.5 2H3.5C2.95 2 2.5 2.45 2.5 3V17L6.5 13H16.5C17.05 13 17.5 12.55 17.5 12V3C17.5 2.45 17.05 2 16.5 2ZM21.5 6H19.5V15H6.5V17C6.5 17.55 6.95 18 7.5 18H18.5L22.5 22V7C22.5 6.45 22.05 6 21.5 6Z"
      fill={
        {
          "payload": 4280823686,
          "type": 0,
        }
      }
      propList={
        [
          "fill",
        ]
      }
    />
  </RNSVGGroup>
</RNSVGSvgView>
`;
