// Jest Snapshot v1, https://goo.gl/fbAQLP

exports[`icon/ClockIcon renders a ClockIcon 1`] = `
<RNSVGSvgView
  align="xMidYMid"
  bbHeight="16"
  bbWidth="16"
  fill="none"
  focusable={false}
  height={16}
  meetOrSlice={0}
  minX={0}
  minY={0}
  style={
    [
      {
        "backgroundColor": "transparent",
        "borderWidth": 0,
      },
      {
        "flex": 0,
        "height": 16,
        "width": 16,
      },
    ]
  }
  vbHeight={16}
  vbWidth={16}
  width={16}
  xmlns="http://www.w3.org/2000/svg"
>
  <RNSVGGroup
    fill={null}
    propList={
      [
        "fill",
      ]
    }
  >
    <RNSVGPath
      d="M7.9925 0.5C3.8525 0.5 0.5 3.86 0.5 8C0.5 12.14 3.8525 15.5 7.9925 15.5C12.14 15.5 15.5 12.14 15.5 8C15.5 3.86 12.14 0.5 7.9925 0.5ZM8 14C4.685 14 2 11.315 2 8C2 4.685 4.685 2 8 2C11.315 2 14 4.685 14 8C14 11.315 11.315 14 8 14ZM8.375 4.25H7.25V8.75L11.1875 11.1125L11.75 10.19L8.375 8.1875V4.25Z"
      fill={
        {
          "payload": 4278231244,
          "type": 0,
        }
      }
      propList={
        [
          "fill",
        ]
      }
    />
  </RNSVGGroup>
</RNSVGSvgView>
`;
