// Jest Snapshot v1, https://goo.gl/fbAQLP

exports[`icon/DeleteIcon renders a DeleteIcon 1`] = `
<RNSVGSvgView
  align="xMidYMid"
  bbHeight="25"
  bbWidth="24"
  fill="none"
  focusable={false}
  height={25}
  meetOrSlice={0}
  minX={0}
  minY={0}
  style={
    [
      {
        "backgroundColor": "transparent",
        "borderWidth": 0,
      },
      {
        "flex": 0,
        "height": 25,
        "width": 24,
      },
    ]
  }
  vbHeight={25}
  vbWidth={24}
  width={24}
  xmlns="http://www.w3.org/2000/svg"
>
  <RNSVGGroup
    fill={null}
    propList={
      [
        "fill",
      ]
    }
  >
    <RNSVGPath
      d="M16 9.5V19.5H8V9.5H16ZM14.5 3.5H9.5L8.5 4.5H5V6.5H19V4.5H15.5L14.5 3.5ZM18 7.5H6V19.5C6 20.6 6.9 21.5 8 21.5H16C17.1 21.5 18 20.6 18 19.5V7.5Z"
      fill={
        {
          "payload": 4291102471,
          "type": 0,
        }
      }
      propList={
        [
          "fill",
        ]
      }
    />
  </RNSVGGroup>
</RNSVGSvgView>
`;
