// Jest Snapshot v1, https://goo.gl/fbAQLP

exports[`icon/DownloadIcon renders a DownloadIcon 1`] = `
<RNSVGSvgView
  align="xMidYMid"
  bbHeight="24"
  bbWidth="24"
  fill="#2E2E2E"
  focusable={false}
  height={24}
  meetOrSlice={0}
  minX={0}
  minY={0}
  style={
    [
      {
        "backgroundColor": "transparent",
        "borderWidth": 0,
      },
      {
        "flex": 0,
        "height": 24,
        "width": 24,
      },
    ]
  }
  vbHeight={24}
  vbWidth={24}
  width={24}
  xmlns="http://www.w3.org/2000/svg"
>
  <RNSVGGroup
    fill={
      {
        "payload": 4281216558,
        "type": 0,
      }
    }
    propList={
      [
        "fill",
      ]
    }
  >
    <RNSVGPath
      d="M19 9.5H15V3.5H9V9.5H5L12 16.5L19 9.5ZM11 11.5V5.5H13V11.5H14.17L12 13.67L9.83 11.5H11ZM5 18.5H19V20.5H5V18.5Z"
      fill={
        {
          "payload": 4281216558,
          "type": 0,
        }
      }
      propList={
        [
          "fill",
        ]
      }
    />
  </RNSVGGroup>
</RNSVGSvgView>
`;
