// Jest Snapshot v1, https://goo.gl/fbAQLP

exports[`icon/EmailIcon renders a EmailIcon 1`] = `
<RNSVGSvgView
  align="xMidYMid"
  bbHeight="44"
  bbWidth="46"
  fill="none"
  focusable={false}
  height={44}
  meetOrSlice={0}
  minX={0}
  minY={0}
  style={
    [
      {
        "backgroundColor": "transparent",
        "borderWidth": 0,
      },
      {
        "flex": 0,
        "height": 44,
        "width": 46,
      },
    ]
  }
  vbHeight={44}
  vbWidth={46}
  width={46}
  xmlns="http://www.w3.org/2000/svg"
>
  <RNSVGGroup
    fill={null}
    propList={
      [
        "fill",
      ]
    }
  >
    <RNSVGPath
      d="M31.334 15.334H14.667v13.333h16.667V15.333zm-1.667 3.333L23 22.833l-6.666-4.166V17L23 21.167 29.667 17v1.667z"
      fill={
        {
          "payload": 4278190080,
          "type": 0,
        }
      }
      propList={
        [
          "fill",
        ]
      }
    />
  </RNSVGGroup>
</RNSVGSvgView>
`;
