// Jest Snapshot v1, https://goo.gl/fbAQLP

exports[`icon/LifestyleIcon renders a LifestyleIcon 1`] = `
<RNSVGSvgView
  align="xMidYMid"
  bbHeight="24"
  bbWidth="24"
  fill="none"
  focusable={false}
  height={24}
  meetOrSlice={0}
  minX={0}
  minY={0}
  style={
    [
      {
        "backgroundColor": "transparent",
        "borderWidth": 0,
      },
      {
        "flex": 0,
        "height": 24,
        "width": 24,
      },
    ]
  }
  vbHeight={24}
  vbWidth={24}
  width={24}
  xmlns="http://www.w3.org/2000/svg"
>
  <RNSVGGroup
    fill={null}
    propList={
      [
        "fill",
      ]
    }
  >
    <RNSVGPath
      d="M1.5 4.5h14l-6 9v4h2v2h-6v-2h2v-4l-6-9zm9.1 4l1.4-2H4.99l1.4 2h4.21zm6.9-4h5v3h-3v9c0 1.66-1.34 3-3 3s-3-1.34-3-3 1.34-3 3-3a3 3 0 011 .17V4.5z"
      fill={
        {
          "payload": 4294915870,
          "type": 0,
        }
      }
      propList={
        [
          "fill",
        ]
      }
    />
  </RNSVGGroup>
</RNSVGSvgView>
`;
