// Jest Snapshot v1, https://goo.gl/fbAQLP

exports[`icon/LightningBoltIcon renders a LightningBoltIcon 1`] = `
<RNSVGSvgView
  align="xMidYMid"
  bbHeight="18"
  bbWidth="12"
  fill="#FF7512"
  focusable={false}
  height={18}
  meetOrSlice={0}
  minX={0}
  minY={0}
  style={
    [
      {
        "backgroundColor": "transparent",
        "borderWidth": 0,
      },
      {
        "flex": 0,
        "height": 18,
        "width": 12,
      },
    ]
  }
  vbHeight={18}
  vbWidth={12}
  width={12}
  xmlns="http://www.w3.org/2000/svg"
>
  <RNSVGGroup
    fill={
      {
        "payload": 4294931730,
        "type": 0,
      }
    }
    propList={
      [
        "fill",
      ]
    }
  >
    <RNSVGPath
      d="M4.99558 18H3.99558L4.99558 11H1.49558C0.615577 11 1.16558 10.25 1.18558 10.22C2.47558 7.94 4.41558 4.54 7.00558 0H8.00558L7.00558 7H10.5156C10.9156 7 11.1356 7.19 10.9156 7.66C6.96558 14.55 4.99558 18 4.99558 18Z"
      fill={
        {
          "payload": 4294931730,
          "type": 0,
        }
      }
      propList={
        [
          "fill",
        ]
      }
    />
  </RNSVGGroup>
</RNSVGSvgView>
`;
