// Jest Snapshot v1, https://goo.gl/fbAQLP

exports[`icon/LocalTransferIcon renders a LocalTransferIcon 1`] = `
<RNSVGSvgView
  align="xMidYMid"
  bbHeight="24"
  bbWidth="24"
  fill="none"
  focusable={false}
  height={24}
  meetOrSlice={0}
  minX={0}
  minY={0}
  style={
    [
      {
        "backgroundColor": "transparent",
        "borderWidth": 0,
      },
      {
        "flex": 0,
        "height": 24,
        "width": 24,
      },
    ]
  }
  vbHeight={24}
  vbWidth={24}
  width={24}
  xmlns="http://www.w3.org/2000/svg"
>
  <RNSVGGroup
    fill={null}
    propList={
      [
        "fill",
      ]
    }
  >
    <RNSVGGroup
      fill={
        {
          "payload": 4278190080,
          "type": 0,
        }
      }
      name="call_made"
    >
      <RNSVGPath
        d="M9.5 4.5V6.5H16.09L4.5 18.09L5.91 19.5L17.5 7.91V14.5H19.5V4.5H9.5Z"
        fill={
          {
            "payload": 4278718035,
            "type": 0,
          }
        }
        name="Vector"
        propList={
          [
            "fill",
          ]
        }
      />
    </RNSVGGroup>
  </RNSVGGroup>
</RNSVGSvgView>
`;
