// Jest Snapshot v1, https://goo.gl/fbAQLP

exports[`icon/LockIcon renders a LockIcon 1`] = `
<RNSVGSvgView
  align="xMidYMid"
  bbHeight="24"
  bbWidth="24"
  fill="none"
  focusable={false}
  height={24}
  meetOrSlice={0}
  minX={0}
  minY={0}
  style={
    [
      {
        "backgroundColor": "transparent",
        "borderWidth": 0,
      },
      {
        "flex": 0,
        "height": 24,
        "width": 24,
      },
    ]
  }
  vbHeight={25}
  vbWidth={24}
  width={24}
  xmlns="http://www.w3.org/2000/svg"
>
  <RNSVGGroup
    fill={null}
    propList={
      [
        "fill",
      ]
    }
  >
    <RNSVGPath
      d="M18 9H17V7C17 4.24 14.76 2 12 2C9.24 2 7 4.24 7 7V9H6C4.9 9 4 9.9 4 11V21C4 22.1 4.9 23 6 23H18C19.1 23 20 22.1 20 21V11C20 9.9 19.1 9 18 9ZM9 7C9 5.34 10.34 4 12 4C13.66 4 15 5.34 15 7V9H9V7ZM18 21H6V11H18V21ZM12 18C13.1 18 14 17.1 14 16C14 14.9 13.1 14 12 14C10.9 14 10 14.9 10 16C10 17.1 10.9 18 12 18Z"
      fill={
        {
          "payload": 4278718035,
          "type": 0,
        }
      }
      propList={
        [
          "fill",
        ]
      }
    />
  </RNSVGGroup>
</RNSVGSvgView>
`;
