// Jest Snapshot v1, https://goo.gl/fbAQLP

exports[`icon/NumbersIcon renders a NumbersIcon 1`] = `
<RNSVGSvgView
  align="xMidYMid"
  bbHeight="19"
  bbWidth="18"
  fill="none"
  focusable={false}
  height={19}
  meetOrSlice={0}
  minX={0}
  minY={0}
  style={
    [
      {
        "backgroundColor": "transparent",
        "borderWidth": 0,
      },
      {
        "flex": 0,
        "height": 19,
        "width": 18,
      },
    ]
  }
  vbHeight={19}
  vbWidth={18}
  width={18}
  xmlns="http://www.w3.org/2000/svg"
>
  <RNSVGGroup
    fill={null}
    propList={
      [
        "fill",
      ]
    }
  >
    <RNSVGPath
      d="M15.375 8L15.75 6.5H12.75L13.5 3.5H12L11.25 6.5H8.25L9 3.5H7.5L6.75 6.5H3.75L3.375 8H6.375L5.625 11H2.625L2.25 12.5H5.25L4.5 15.5H6L6.75 12.5H9.75L9 15.5H10.5L11.25 12.5H14.25L14.625 11H11.625L12.375 8H15.375ZM10.125 11H7.125L7.875 8H10.875L10.125 11Z"
      fill={
        {
          "payload": 4278190080,
          "type": 0,
        }
      }
      propList={
        [
          "fill",
        ]
      }
    />
  </RNSVGGroup>
</RNSVGSvgView>
`;
