// Jest Snapshot v1, https://goo.gl/fbAQLP

exports[`icon/OnlineTransactionLimitIcon renders a OnlineTransactionLimitIcon 1`] = `
<RNSVGSvgView
  align="xMidYMid"
  bbHeight="24"
  bbWidth="24"
  fill="none"
  focusable={false}
  height={24}
  meetOrSlice={0}
  minX={0}
  minY={0}
  style={
    [
      {
        "backgroundColor": "transparent",
        "borderWidth": 0,
      },
      {
        "flex": 0,
        "height": 24,
        "width": 24,
      },
    ]
  }
  vbHeight={24}
  vbWidth={24}
  width={24}
  xmlns="http://www.w3.org/2000/svg"
>
  <RNSVGGroup
    fill={null}
    propList={
      [
        "fill",
      ]
    }
  >
    <RNSVGPath
      d="M18.36 9L18.96 12H5.04L5.64 9H18.36ZM20 4H4V6H20V4ZM20 7H4L3 12V14H4V20H14V14H18V20H20V14H21V12L20 7ZM6 18V14H12V18H6Z"
      fill={
        {
          "payload": 4294915870,
          "type": 0,
        }
      }
      propList={
        [
          "fill",
        ]
      }
    />
  </RNSVGGroup>
</RNSVGSvgView>
`;
