// Jest Snapshot v1, https://goo.gl/fbAQLP

exports[`icon/RemoveIcon renders a RemoveIcon 1`] = `
<RNSVGSvgView
  align="xMidYMid"
  bbHeight="16"
  bbWidth="10"
  fill="none"
  focusable={false}
  height={16}
  meetOrSlice={0}
  minX={0}
  minY={0}
  style={
    [
      {
        "backgroundColor": "transparent",
        "borderWidth": 0,
      },
      {
        "flex": 0,
        "height": 16,
        "width": 10,
      },
    ]
  }
  vbHeight={16}
  vbWidth={10}
  width={10}
  xmlns="http://www.w3.org/2000/svg"
>
  <RNSVGGroup
    fill={null}
    propList={
      [
        "fill",
      ]
    }
  >
    <RNSVGPath
      d="M9.94006 1.88L8.06006 0L0.0600586 8L8.06006 16L9.94006 14.12L3.83339 8L9.94006 1.88Z"
      fill={
        {
          "payload": 4278190080,
          "type": 0,
        }
      }
      propList={
        [
          "fill",
        ]
      }
    />
  </RNSVGGroup>
</RNSVGSvgView>
`;
