// Jest Snapshot v1, https://goo.gl/fbAQLP

exports[`icon/ReportIcon renders a ReportIcon 1`] = `
<RNSVGSvgView
  align="xMidYMid"
  bbHeight="26"
  bbWidth="30"
  fill="none"
  focusable={false}
  height={26}
  meetOrSlice={0}
  minX={0}
  minY={0}
  style={
    [
      {
        "backgroundColor": "transparent",
        "borderWidth": 0,
      },
      {
        "flex": 0,
        "height": 26,
        "width": 30,
      },
    ]
  }
  vbHeight={24}
  vbWidth={24}
  width={30}
  xmlns="http://www.w3.org/2000/svg"
>
  <RNSVGGroup
    fill={null}
    propList={
      [
        "fill",
      ]
    }
  >
    <RNSVGPath
      d="M12 6.49L19.53 19.5H4.47L12 6.49ZM12 2.5L1 21.5H23L12 2.5ZM13 16.5H11V18.5H13V16.5ZM13 10.5H11V14.5H13V10.5Z"
      fill={
        {
          "payload": 4294915870,
          "type": 0,
        }
      }
      propList={
        [
          "fill",
        ]
      }
    />
  </RNSVGGroup>
</RNSVGSvgView>
`;
