// Jest Snapshot v1, https://goo.gl/fbAQLP

exports[`icon/TickIcon renders a TickIcon 1`] = `
<RNSVGSvgView
  align="xMidYMid"
  bbHeight="11"
  bbWidth="14"
  fill="none"
  focusable={false}
  height={11}
  meetOrSlice={0}
  minX={0}
  minY={0}
  style={
    [
      {
        "backgroundColor": "transparent",
        "borderWidth": 0,
      },
      {
        "flex": 0,
        "height": 11,
        "width": 14,
      },
    ]
  }
  vbHeight={11}
  vbWidth={14}
  width={14}
  xmlns="http://www.w3.org/2000/svg"
>
  <RNSVGGroup
    fill={null}
    propList={
      [
        "fill",
      ]
    }
  >
    <RNSVGPath
      d="M2 4.86L5.42105 8.5L12 1.5"
      fill={
        {
          "payload": 4278190080,
          "type": 0,
        }
      }
      propList={
        [
          "stroke",
        ]
      }
      stroke={
        {
          "payload": 4294931730,
          "type": 0,
        }
      }
    />
  </RNSVGGroup>
</RNSVGSvgView>
`;
