// Jest Snapshot v1, https://goo.gl/fbAQLP

exports[`icon/TickCircleIcon renders a TickCircleIcon 1`] = `
<RNSVGSvgView
  align="xMidYMid"
  bbHeight="80"
  bbWidth="80"
  fill="none"
  focusable={false}
  height={80}
  meetOrSlice={0}
  minX={0}
  minY={0}
  style={
    [
      {
        "backgroundColor": "transparent",
        "borderWidth": 0,
      },
      {
        "flex": 0,
        "height": 80,
        "width": 80,
      },
    ]
  }
  vbHeight={80}
  vbWidth={80}
  width={80}
  xmlns="http://www.w3.org/2000/svg"
>
  <RNSVGGroup
    fill={null}
    propList={
      [
        "fill",
      ]
    }
  >
    <RNSVGPath
      d="M40 0C17.92 0 0 17.92 0 40C0 62.08 17.92 80 40 80C62.08 80 80 62.08 80 40C80 17.92 62.08 0 40 0ZM32 60L12 40L17.64 34.36L32 48.68L62.36 18.32L68 24L32 60Z"
      fill={
        {
          "payload": 4294134835,
          "type": 0,
        }
      }
      propList={
        [
          "fill",
        ]
      }
    />
  </RNSVGGroup>
</RNSVGSvgView>
`;
