// Jest Snapshot v1, https://goo.gl/fbAQLP

exports[`icon/TransferHorizontalIcon renders a TransferHorizontalIcon 1`] = `
<RNSVGSvgView
  align="xMidYMid"
  bbHeight="24"
  bbWidth="24"
  fill="none"
  focusable={false}
  height={24}
  meetOrSlice={0}
  minX={0}
  minY={0}
  style={
    [
      {
        "backgroundColor": "transparent",
        "borderWidth": 0,
      },
      {
        "flex": 0,
        "height": 24,
        "width": 24,
      },
    ]
  }
  vbHeight={24}
  vbWidth={24}
  width={24}
  xmlns="http://www.w3.org/2000/svg"
>
  <RNSVGGroup
    fill={null}
    propList={
      [
        "fill",
      ]
    }
  >
    <RNSVGGroup
      fill={
        {
          "payload": 4278190080,
          "type": 0,
        }
      }
      name="swap_horiz"
    >
      <RNSVGPath
        d="M6.99 11L3 15L6.99 19V16H14V14H6.99V11ZM21 9L17.01 5V8H10V10H17.01V13L21 9Z"
        fill={
          {
            "payload": 4294931730,
            "type": 0,
          }
        }
        name="Vector"
        propList={
          [
            "fill",
          ]
        }
      />
    </RNSVGGroup>
  </RNSVGGroup>
</RNSVGSvgView>
`;
