// Jest Snapshot v1, https://goo.gl/fbAQLP

exports[`icon/TrendingUpIcon renders a TrendingUpIcon 1`] = `
<RNSVGSvgView
  align="xMidYMid"
  bbHeight="24"
  bbWidth="24"
  fill="none"
  focusable={false}
  height={24}
  meetOrSlice={0}
  minX={0}
  minY={0}
  style={
    [
      {
        "backgroundColor": "transparent",
        "borderWidth": 0,
      },
      {
        "flex": 0,
        "height": 24,
        "width": 24,
      },
    ]
  }
  vbHeight={44}
  vbWidth={44}
  width={24}
  xmlns="http://www.w3.org/2000/svg"
>
  <RNSVGGroup
    fill={null}
    propList={
      [
        "fill",
      ]
    }
  >
    <RNSVGRect
      fill={
        {
          "payload": 4294309365,
          "type": 0,
        }
      }
      height="44"
      propList={
        [
          "fill",
        ]
      }
      rx="22"
      width="44"
      x="0"
      y="0"
    />
    <RNSVGPath
      d="M25.3337 17L27.242 18.9083L23.1753 22.975L19.842 19.6417L13.667 25.825L14.842 27L19.842 22L23.1753 25.3333L28.4253 20.0917L30.3337 22V17H25.3337Z"
      fill={
        {
          "payload": 4278231244,
          "type": 0,
        }
      }
      propList={
        [
          "fill",
        ]
      }
    />
  </RNSVGGroup>
</RNSVGSvgView>
`;
