// Jest Snapshot v1, https://goo.gl/fbAQLP

exports[`icon/UnreadNotificationIcon renders a UnreadNotificationIcon 1`] = `
<RNSVGSvgView
  align="xMidYMid"
  bbHeight="6"
  bbWidth="6"
  fill="none"
  focusable={false}
  height={6}
  meetOrSlice={0}
  minX={0}
  minY={0}
  style={
    [
      {
        "backgroundColor": "transparent",
        "borderWidth": 0,
      },
      {
        "flex": 0,
        "height": 6,
        "width": 6,
      },
    ]
  }
  vbHeight={6}
  vbWidth={6}
  width={6}
  xmlns="http://www.w3.org/2000/svg"
>
  <RNSVGGroup
    fill={null}
    propList={
      [
        "fill",
      ]
    }
  >
    <RNSVGCircle
      cx="3"
      cy="3"
      fill={
        {
          "payload": 4294915870,
          "type": 0,
        }
      }
      propList={
        [
          "fill",
        ]
      }
      r="3"
    />
  </RNSVGGroup>
</RNSVGSvgView>
`;
