// Jest Snapshot v1, https://goo.gl/fbAQLP

exports[`icon/UploadIcon renders a UploadIcon 1`] = `
<RNSVGSvgView
  align="xMidYMid"
  bbHeight="16"
  bbWidth="16"
  fill="none"
  focusable={false}
  height={16}
  meetOrSlice={0}
  minX={0}
  minY={0}
  style={
    [
      {
        "backgroundColor": "transparent",
        "borderWidth": 0,
      },
      {
        "flex": 0,
        "height": 16,
        "width": 16,
      },
    ]
  }
  vbHeight={16}
  vbWidth={16}
  width={16}
  xmlns="http://www.w3.org/2000/svg"
>
  <RNSVGGroup
    fill={null}
    propList={
      [
        "fill",
      ]
    }
  >
    <RNSVGPath
      d="M14 11V14H2V11H0V14C0 15.1 0.9 16 2 16H14C15.1 16 16 15.1 16 14V11H14ZM3 5L4.41 6.41L7 3.83V12H9V3.83L11.59 6.41L13 5L8 0L3 5Z"
      fill={
        {
          "payload": 4278231244,
          "type": 0,
        }
      }
      propList={
        [
          "fill",
        ]
      }
    />
  </RNSVGGroup>
</RNSVGSvgView>
`;
