// Jest Snapshot v1, https://goo.gl/fbAQLP

exports[`features/Onboarding/components/MoreInfoDropdown renders with content 1`] = `
<View
  accessibilityState={
    {
      "busy": undefined,
      "checked": undefined,
      "disabled": undefined,
      "expanded": undefined,
      "selected": undefined,
    }
  }
  accessibilityValue={
    {
      "max": undefined,
      "min": undefined,
      "now": undefined,
      "text": undefined,
    }
  }
  accessible={true}
  collapsable={false}
  focusable={true}
  onBlur={[Function]}
  onClick={[Function]}
  onFocus={[Function]}
  onResponderGrant={[Function]}
  onResponderMove={[Function]}
  onResponderRelease={[Function]}
  onResponderTerminate={[Function]}
  onResponderTerminationRequest={[Function]}
  onStartShouldSetResponder={[Function]}
  style={
    {
      "backgroundColor": "#F5F5F5",
      "borderRadius": 4,
      "overflow": "hidden",
      "width": "100%",
    }
  }
>
  <BVLinearGradient
    colors={
      [
        4292403950,
        4292927977,
      ]
    }
    endPoint={
      {
        "x": 1,
        "y": 1,
      }
    }
    locations={null}
    startPoint={
      {
        "x": 0,
        "y": 1,
      }
    }
  >
    <View
      style={
        {
          "alignItems": "center",
          "flexDirection": "row",
          "padding": 16,
          "width": "100%",
        }
      }
    >
      <RNSVGSvgView
        align="xMidYMid"
        bbHeight="20"
        bbWidth="20"
        fill="none"
        focusable={false}
        height={20}
        meetOrSlice={0}
        minX={0}
        minY={0}
        style={
          [
            {
              "backgroundColor": "transparent",
              "borderWidth": 0,
            },
            {
              "flex": 0,
              "height": 20,
              "width": 20,
            },
          ]
        }
        vbHeight={20}
        vbWidth={20}
        width={20}
        xmlns="http://www.w3.org/2000/svg"
      >
        <RNSVGGroup
          fill={null}
          propList={
            [
              "fill",
            ]
          }
        >
          <RNSVGPath
            d="M9.16699 5.83332H10.8337V7.49999H9.16699V5.83332ZM9.16699 9.16666H10.8337V14.1667H9.16699V9.16666ZM10.0003 1.66666C5.40033 1.66666 1.66699 5.39999 1.66699 9.99999C1.66699 14.6 5.40033 18.3333 10.0003 18.3333C14.6003 18.3333 18.3337 14.6 18.3337 9.99999C18.3337 5.39999 14.6003 1.66666 10.0003 1.66666ZM10.0003 16.6667C6.32533 16.6667 3.33366 13.675 3.33366 9.99999C3.33366 6.32499 6.32533 3.33332 10.0003 3.33332C13.6753 3.33332 16.667 6.32499 16.667 9.99999C16.667 13.675 13.6753 16.6667 10.0003 16.6667Z"
            fill={
              {
                "payload": 4278718035,
                "type": 0,
              }
            }
            propList={
              [
                "fill",
              ]
            }
          />
        </RNSVGGroup>
      </RNSVGSvgView>
      <Text
        style={
          [
            {
              "flexGrow": 1,
              "marginHorizontal": 8,
            },
            {
              "color": "#002233",
              "fontSize": 16,
              "fontWeight": "600",
              "lineHeight": 21,
              "textAlign": "left",
            },
          ]
        }
      >
        title
      </Text>
      <View
        style={
          {
            "alignItems": "flex-end",
            "height": 24,
            "justifyContent": "center",
            "width": 24,
          }
        }
      >
        <RNSVGSvgView
          align="xMidYMid"
          bbHeight="24"
          bbWidth="24"
          fill="none"
          focusable={false}
          height={24}
          meetOrSlice={0}
          minX={0}
          minY={0}
          style={
            [
              {
                "backgroundColor": "transparent",
                "borderWidth": 0,
              },
              {
                "flex": 0,
                "height": 24,
                "width": 24,
              },
            ]
          }
          vbHeight={24}
          vbWidth={24}
          width={24}
          xmlns="http://www.w3.org/2000/svg"
        >
          <RNSVGGroup
            fill={null}
            propList={
              [
                "fill",
              ]
            }
          >
            <RNSVGPath
              d="M17.0002 9.1697C16.8128 8.98345 16.5594 8.87891 16.2952 8.87891C16.031 8.87891 15.7776 8.98345 15.5902 9.1697L12.0002 12.7097L8.46019 9.1697C8.27283 8.98345 8.01938 8.87891 7.75519 8.87891C7.49101 8.87891 7.23756 8.98345 7.05019 9.1697C6.95646 9.26266 6.88207 9.37326 6.8313 9.49512C6.78053 9.61698 6.75439 9.74769 6.75439 9.8797C6.75439 10.0117 6.78053 10.1424 6.8313 10.2643C6.88207 10.3861 6.95646 10.4967 7.05019 10.5897L11.2902 14.8297C11.3832 14.9234 11.4938 14.9978 11.6156 15.0486C11.7375 15.0994 11.8682 15.1255 12.0002 15.1255C12.1322 15.1255 12.2629 15.0994 12.3848 15.0486C12.5066 14.9978 12.6172 14.9234 12.7102 14.8297L17.0002 10.5897C17.0939 10.4967 17.1683 10.3861 17.2191 10.2643C17.2699 10.1424 17.296 10.0117 17.296 9.8797C17.296 9.74769 17.2699 9.61698 17.2191 9.49512C17.1683 9.37326 17.0939 9.26266 17.0002 9.1697Z"
              fill={
                {
                  "payload": 4288981164,
                  "type": 0,
                }
              }
              propList={
                [
                  "fill",
                ]
              }
            />
          </RNSVGGroup>
        </RNSVGSvgView>
      </View>
    </View>
  </BVLinearGradient>
</View>
`;
